
Loading package "predict"

Warning message:
replacing previous import ‘nimble::rcat’ by ‘extraDistr::rcat’ when loading ‘predict’ 

Registered doParallelSNOW with 8 workers
Increasing number of chains to 64 for efficiency
Increasing number of samples to 3648 for efficiency

Using 500 datapoints
Calculating auxiliary metadata

 ********************************************** 
 Saving output in directory
 test_custom-240819T085346-vrt10_dat500_smp3648 
 ********************************************** 
Starting Monte Carlo sampling of 3648 samples by 64 chains
in a space of 1610 (effectively 98006) dimensions.
Using 8 cores: 57 samples per chain, 8 chains per core.
Core logs are being saved in individual files.

C-compiling samplers appropriate to the variates (package Nimble)
this can take tens of minutes with many data or variates.
Please wait...Compiled core 1. Number of samplers: 2978.
Estimating remaining time, please be patient...Sampling. Core 2 estimated remaining time: 35 mins                      Sampling. Core 4 estimated remaining time: 35 mins                      Sampling. Core 1 estimated remaining time: 38 mins                      Sampling. Core 5 estimated remaining time: 43 mins                      Sampling. Core 8 estimated remaining time: 49 mins                      Sampling. Core 6 estimated remaining time: 51 mins                      Sampling. Core 3 estimated remaining time: 58 mins                      Sampling. Core 4 estimated remaining time: 36 mins                      Sampling. Core 7 estimated remaining time: 87 mins                      Sampling. Core 3 estimated remaining time: 40 mins                      Sampling. Core 2 estimated remaining time: 41 mins                      Sampling. Core 1 estimated remaining time: 47 mins                      Sampling. Core 5 estimated remaining time: 51 mins                      Sampling. Core 8 estimated remaining time: 55 mins                      Sampling. Core 2 estimated remaining time: 32 mins                      Sampling. Core 3 estimated remaining time: 32 mins                      Sampling. Core 7 estimated remaining time: 65 mins                      Sampling. Core 5 estimated remaining time: 38 mins                      Sampling. Core 8 estimated remaining time: 40 mins                      Sampling. Core 2 estimated remaining time: 26 mins                      Sampling. Core 3 estimated remaining time: 28 mins                      Sampling. Core 5 estimated remaining time: 29 mins                      Sampling. Core 2 estimated remaining time: 20 mins                      Sampling. Core 1 estimated remaining time: 51 mins                      Sampling. Core 3 estimated remaining time: 22 mins                      Sampling. Core 7 estimated remaining time: 57 mins                      Sampling. Core 5 estimated remaining time: 23 mins                      Sampling. Core 6 estimated remaining time: 100 mins                      Sampling. Core 2 estimated remaining time: 15 mins                      Sampling. Core 7 estimated remaining time: 41 mins                      Sampling. Core 5 estimated remaining time: 16 mins                      Sampling. Core 1 estimated remaining time: 42 mins                      Sampling. Core 3 estimated remaining time: 17 mins                      Sampling. Core 5 estimated remaining time: 11 mins                      Sampling. Core 8 estimated remaining time: 47 mins                      Sampling. Core 7 estimated remaining time: 30 mins                      Sampling. Core 3 estimated remaining time: 11 mins                      Sampling. Core 6 estimated remaining time: 79 mins                      Sampling. Core 5 estimated remaining time: 5.4 mins                      Sampling. Core 7 estimated remaining time: 22 mins                      Sampling. Core 6 estimated remaining time: 56 mins                      Sampling. Core 7 estimated remaining time: 14 mins                      Sampling. Core 3 estimated remaining time: 6 mins                      Sampling. Core 7 estimated remaining time: 6.5 mins                      Sampling. Core 1 estimated remaining time: 43 mins                      Sampling. Core 4 estimated remaining time: 2 hours                      Sampling. Core 2 estimated remaining time: 0.3 hours                      Sampling. Core 1 estimated remaining time: 0.53 hours                      Sampling. Core 4 estimated remaining time: 1.3 hours                      Sampling. Core 8 estimated remaining time: 0.88 hours                      Sampling. Core 6 estimated remaining time: 0.88 hours                      Sampling. Core 2 estimated remaining time: 0.14 hours                      Sampling. Core 1 estimated remaining time: 0.32 hours                      Sampling. Core 4 estimated remaining time: 0.93 hours                      Sampling. Core 6 estimated remaining time: 0.58 hours                      Sampling. Core 8 estimated remaining time: 0.58 hours                      Sampling. Core 4 estimated remaining time: 0.61 hours                      Sampling. Core 8 estimated remaining time: 0.35 hours                      Sampling. Core 6 estimated remaining time: 0.36 hours                      Sampling. Core 8 estimated remaining time: 0.16 hours                      Sampling. Core 1 estimated remaining time: 0.16 hours                      Sampling. Core 6 estimated remaining time: 0.17 hours                      Sampling. Core 4 estimated remaining time: 0.4 hours                      Sampling. Core 4 estimated remaining time: 0.18 hours                      Finished Monte Carlo sampling.                                 

Max number of Monte Carlo iterations across chains: 42639 
Max number of used mixture components: 53 

Checking test data
( #127 #189 #225 #264 #271 #276 #315 #427 #430 #475 #478 )

rel. MC standard error: min: 0.018  max: 0.062  mean: 0.038 
eff. sample size: min: 260  max: 3200  mean: 1200 
needed thinning: min: 2  max: 22  mean: 9.7 

Plotting final Monte Carlo traces and marginal samples...

Total computation time: 1.5 hours 
Average total time per chain: 0.024 hours 
Finished.


Closing connections to cores.
Warning message:
replacing previous import ‘nimble::rcat’ by ‘extraDistr::rcat’ when loading ‘predict’

Registered doParallelSNOW with 4 workers

Closing connections to cores.
$MI
     value      error 
0.14424093 0.00979461 

$CondEn12
     value      error 
1.76811871 0.01245327 

$CondEn21
     value      error 
3.00798108 0.02059691 

$En1
      value       error 
1.912267939 0.008245121 

$En2
     value      error 
3.15223496 0.01897207 

$Y1names
[1] "N2vrt"

$Y2names
[1] "Rvrt"

$unit
[1] "Sh"

Warning message:
replacing previous import ‘nimble::rcat’ by ‘extraDistr::rcat’ when loading ‘predict’

Registered doParallelSNOW with 4 workers

Closing connections to cores.
       X
Y               [,1]         [,2]         [,3]         [,4]         [,5]
   [1,] 4.812535e-02 1.474750e-03 8.660980e-05 1.079174e-05 0.0045675017
   [2,] 1.330693e-04 5.063061e-03 3.595235e-05 2.592545e-06 0.0009527424
   [3,] 6.273982e-05 5.458284e-03 3.710396e-02 2.725840e-04 0.0018522095
   [4,] 1.605608e-06 6.207961e-06 8.700405e-06 1.770377e-04 0.0000140168
   [5,] 2.407299e-04 3.042625e-03 5.438842e-05 2.475147e-06 0.0020903652
   [6,] 8.354101e-06 5.137278e-04 8.429506e-04 2.800023e-05 0.0002711812
   [7,] 4.146805e-05 7.513397e-04 4.218124e-04 3.879211e-04 0.0003590917
   [8,] 2.941837e-03 2.738239e-04 1.419178e-05 3.471933e-06 0.0004397583
   [9,] 1.353682e-04 1.356087e-05 1.034355e-05 1.580179e-04 0.0012305003
  [10,] 1.354121e-05 5.582389e-04 1.953542e-04 5.897360e-06 0.0001756081
  [11,] 9.128798e-04 1.418643e-02 3.379999e-02 1.493313e-01 0.1350477761
  [12,] 4.369352e-03 9.336841e-03 3.285355e-04 2.669047e-05 0.0105040412
  [13,] 5.684539e-04 4.834559e-03 3.913924e-04 1.355474e-04 0.0012586439
  [14,] 1.363124e-02 2.149368e-02 2.712555e-03 2.991684e-04 0.0106469827
  [15,] 9.814460e-04 7.230713e-03 1.674819e-03 1.907908e-04 0.0160516385
  [16,] 3.769119e-05 3.952539e-04 4.261277e-05 3.084429e-06 0.0006079567
  [17,] 5.438506e-04 6.907376e-03 1.621496e-04 7.186986e-06 0.0066075975
  [18,] 1.311873e-05 8.856318e-04 7.478707e-04 8.780728e-05 0.0003130253
  [19,] 6.367340e-04 1.105465e-02 1.144232e-03 2.901371e-04 0.0241451508
  [20,] 5.637914e-06 3.057354e-04 2.919070e-04 1.184510e-05 0.0001705119
       X
Y               [,6]         [,7]         [,8]         [,9]        [,10]
   [1,] 1.067753e-03 2.839322e-05 3.058617e-04 1.011926e-05 6.911893e-04
   [2,] 7.833490e-04 1.683918e-05 9.086114e-05 2.441704e-06 4.187330e-04
   [3,] 9.745988e-02 4.862142e-03 9.160159e-05 2.488374e-05 2.201111e-03
   [4,] 1.048406e-04 9.745412e-07 1.031592e-07 3.278732e-06 8.453999e-07
   [5,] 8.856146e-04 2.015144e-05 1.221969e-04 3.176054e-06 5.549000e-04
   [6,] 1.848030e-02 1.711355e-04 1.061894e-05 2.623740e-06 3.135435e-04
   [7,] 5.657078e-03 1.299649e-04 3.215072e-05 2.832069e-05 4.378563e-04
   [8,] 1.728109e-04 5.060028e-06 6.735452e-05 1.421397e-06 1.145244e-04
   [9,] 8.138956e-05 4.308591e-07 1.885088e-06 8.596812e-04 3.656633e-06
  [10,] 3.474871e-03 8.763554e-05 1.877836e-05 3.100712e-07 3.811809e-04
  [11,] 1.634630e-01 2.565926e-03 4.500402e-04 2.281370e-02 2.148900e-03
  [12,] 7.888756e-03 1.227031e-04 8.366402e-04 3.067129e-05 3.817631e-03
  [13,] 1.196382e-02 5.319303e-04 1.936165e-04 5.249396e-06 9.400496e-04
  [14,] 5.752887e-02 1.550220e-03 2.137422e-03 2.350942e-05 9.327598e-03
  [15,] 2.904330e-02 2.109916e-04 9.019534e-04 2.716461e-04 3.740291e-03
  [16,] 1.168405e-03 9.925305e-06 3.651793e-05 2.944964e-06 1.543020e-04
  [17,] 5.616615e-03 7.444206e-05 6.356391e-04 2.287090e-05 3.127181e-03
  [18,] 1.227496e-02 1.739634e-04 2.121271e-05 7.725827e-06 4.556953e-04
  [19,] 5.612512e-02 2.811319e-04 7.377928e-04 4.705493e-04 4.283137e-03
  [20,] 5.954263e-03 6.512327e-05 7.636325e-06 1.415964e-06 1.685751e-04
       X
Y              [,11]        [,12]        [,13]        [,14]        [,15]
   [1,] 1.851016e-06 3.688820e-04 2.302972e-04 3.687050e-05 6.831547e-06
   [2,] 1.135138e-06 2.613538e-04 8.727106e-05 4.492157e-06 3.965275e-06
   [3,] 3.667138e-06 1.569331e-03 1.153647e-04 1.320069e-05 2.998563e-05
   [4,] 2.296883e-07 6.262745e-07 3.066085e-07 1.538228e-07 6.218885e-08
   [5,] 9.662476e-07 5.933829e-04 4.189042e-05 2.261895e-06 2.099083e-06
   [6,] 2.275228e-07 4.134372e-04 9.340761e-06 1.580975e-06 6.861519e-07
   [7,] 2.017460e-06 2.029382e-04 1.803274e-05 3.495879e-06 1.169210e-06
   [8,] 4.278396e-07 1.050480e-04 2.275948e-05 2.397294e-06 8.877902e-07
   [9,] 1.430028e-06 1.202114e-05 2.342563e-06 9.539882e-07 4.705361e-07
  [10,] 5.342136e-08 3.334481e-04 8.718530e-06 3.217675e-06 2.296077e-07
  [11,] 1.203910e-03 1.848706e-03 1.989562e-03 1.094354e-03 3.730863e-04
  [12,] 7.300091e-06 1.127224e-02 2.512817e-04 1.745504e-05 1.593696e-05
  [13,] 3.559343e-06 4.263624e-04 4.067322e-04 6.226286e-05 5.173390e-06
  [14,] 2.311393e-05 1.836508e-03 5.154399e-03 4.356593e-03 2.184125e-05
  [15,] 4.980039e-05 3.966532e-03 8.836588e-04 6.793033e-05 3.539822e-04
  [16,] 2.726740e-07 6.299231e-04 1.920424e-05 9.736178e-07 1.610273e-06
  [17,] 5.769587e-06 4.507293e-03 3.145456e-04 3.711880e-05 1.317751e-05
  [18,] 2.399120e-06 1.121488e-04 3.695520e-05 7.872688e-06 2.842773e-06
  [19,] 6.646782e-05 9.201974e-03 1.589095e-03 8.518254e-05 1.349198e-04
  [20,] 1.068673e-07 3.128943e-04 5.594827e-06 2.027841e-06 4.724001e-07
       X
Y              [,16]        [,17]        [,18]        [,19]        [,20]
   [1,] 9.292335e-05 8.348618e-05 8.907801e-05 1.372941e-05 2.032227e-05
   [2,] 6.047255e-05 3.415581e-04 5.797786e-05 2.280856e-05 1.368515e-05
   [3,] 3.599693e-04 2.119561e-04 3.554473e-03 2.519781e-05 5.390988e-04
   [4,] 3.071697e-07 2.101433e-07 7.241946e-07 1.134745e-07 9.387360e-07
   [5,] 9.542500e-05 6.119173e-05 7.774600e-05 9.848937e-06 1.048133e-05
   [6,] 7.179924e-05 9.404726e-05 9.602355e-05 2.218184e-06 7.235001e-05
   [7,] 2.588935e-05 4.143897e-05 1.363875e-04 3.205158e-06 4.721852e-05
   [8,] 2.195517e-05 4.871292e-05 4.185560e-06 3.325626e-06 2.964883e-06
   [9,] 7.206281e-06 2.289591e-06 2.936669e-05 6.972077e-07 1.304253e-06
  [10,] 2.143810e-05 9.943799e-05 7.881509e-06 1.065426e-06 2.824473e-05
  [11,] 3.261910e-03 1.361137e-03 1.539141e-02 8.010260e-04 1.648886e-03
  [12,] 9.638434e-04 2.110157e-03 1.716300e-04 5.931469e-05 9.411787e-05
  [13,] 5.089489e-05 8.404721e-05 7.186474e-05 1.885574e-05 1.783164e-04
  [14,] 4.095299e-04 9.220051e-04 3.356326e-04 8.389613e-05 6.595080e-04
  [15,] 2.658630e-03 1.023051e-03 6.327303e-04 2.949647e-04 3.281449e-04
  [16,] 5.102190e-04 3.916223e-04 1.817056e-05 6.097281e-06 8.748356e-06
  [17,] 7.254994e-04 1.054864e-02 1.054296e-04 6.453610e-05 7.942437e-05
  [18,] 5.338473e-05 1.086036e-05 1.390493e-03 7.974305e-06 9.211712e-05
  [19,] 2.979759e-03 6.633578e-04 1.707826e-03 5.333777e-04 5.105261e-04
  [20,] 6.621607e-05 1.939218e-04 3.421773e-05 1.275267e-06 6.171599e-05
, ,  = 5%

       X
Y               [,1]         [,2]         [,3]         [,4]         [,5]
   [1,] 1.440877e-05 9.189340e-05 1.064162e-06 4.931311e-09 1.915491e-04
   [2,] 2.974185e-06 1.375505e-04 6.192814e-07 5.815799e-09 6.692897e-05
   [3,] 2.994727e-06 4.108198e-04 2.288387e-04 1.834333e-06 1.685715e-04
   [4,] 1.029610e-09 6.235366e-08 1.016197e-07 4.466663e-06 2.526884e-06
   [5,] 6.064341e-06 2.162635e-04 1.856086e-06 9.637868e-09 2.440286e-04
   [6,] 5.921571e-07 6.768447e-05 2.169232e-05 2.817278e-07 3.296317e-05
   [7,] 2.633909e-06 2.056002e-04 3.626844e-05 3.180275e-05 1.180018e-04
   [8,] 2.576814e-06 3.805508e-05 4.889660e-07 2.054777e-09 4.994124e-05
   [9,] 3.743429e-09 4.264604e-08 3.168853e-08 1.604146e-06 1.463358e-04
  [10,] 9.361157e-07 1.111554e-04 1.129418e-05 4.490295e-08 2.856701e-05
  [11,] 6.650728e-06 1.628185e-04 2.216186e-04 2.319931e-03 1.886034e-02
  [12,] 4.164125e-05 1.442554e-03 1.452214e-05 1.059794e-07 1.773523e-03
  [13,] 9.813272e-06 5.873397e-04 2.410425e-05 1.990343e-07 1.888817e-04
  [14,] 7.990610e-05 2.367773e-03 7.534528e-05 6.138649e-07 1.197755e-03
  [15,] 2.569443e-05 5.488055e-04 2.002547e-05 1.135834e-06 2.106428e-03
  [16,] 1.064751e-06 3.703803e-05 9.648611e-07 9.073494e-09 8.197164e-05
  [17,] 3.131473e-05 1.224175e-03 9.090226e-06 6.794262e-08 1.279235e-03
  [18,] 8.465742e-07 7.671028e-05 1.766759e-05 1.330314e-06 5.073327e-05
  [19,] 4.521779e-05 7.983954e-04 3.627424e-05 2.855913e-06 3.483570e-03
  [20,] 3.843199e-07 4.396863e-05 1.092548e-05 1.353524e-07 2.311767e-05
       X
Y               [,6]         [,7]         [,8]         [,9]        [,10]
   [1,] 7.480965e-05 3.109833e-07 9.588885e-06 2.125377e-08 3.825845e-05
   [2,] 5.831155e-05 2.685446e-07 2.914329e-06 1.145985e-08 2.806314e-05
   [3,] 1.249988e-02 4.584971e-05 4.129528e-06 3.725386e-07 1.881685e-04
   [4,] 4.189394e-06 3.640235e-09 9.864710e-10 4.398723e-07 2.299749e-08
   [5,] 1.003675e-04 6.464483e-07 9.636412e-06 4.135479e-08 5.563377e-05
   [6,] 2.711938e-03 7.493565e-06 9.060179e-07 4.338039e-08 4.699178e-05
   [7,] 1.999611e-03 1.555431e-05 4.591530e-06 4.413004e-06 9.593358e-05
   [8,] 2.325505e-05 1.938720e-07 3.257831e-06 6.992465e-09 1.390721e-05
   [9,] 2.187186e-06 3.072115e-10 2.875317e-09 4.425879e-05 2.721039e-08
  [10,] 8.438887e-04 8.796704e-06 1.599491e-06 3.409694e-09 5.798373e-05
  [11,] 9.080903e-03 6.667967e-06 3.111511e-06 2.418726e-03 5.323068e-05
  [12,] 9.751196e-04 4.729020e-06 8.656714e-05 4.996050e-07 5.210537e-04
  [13,] 1.702399e-03 2.088083e-05 1.053503e-05 2.141486e-08 1.506730e-04
  [14,] 6.916202e-03 5.020400e-05 7.020685e-05 7.199745e-08 8.576004e-04
  [15,] 1.686296e-03 2.544480e-06 3.894956e-05 7.505783e-06 2.796352e-04
  [16,] 8.506769e-05 1.484829e-07 1.855104e-06 3.528595e-08 1.749763e-05
  [17,] 7.458861e-04 2.866091e-06 6.438557e-05 3.285906e-07 3.941132e-04
  [18,] 2.244867e-03 3.832437e-06 1.486846e-06 2.838263e-07 4.502533e-05
  [19,] 3.614069e-03 6.561050e-06 4.682084e-05 1.690115e-05 4.531315e-04
  [20,] 1.404648e-03 3.712921e-06 5.908376e-07 2.078944e-08 2.721184e-05
       X
Y              [,11]        [,12]        [,13]        [,14]        [,15]
   [1,] 4.822774e-10 1.873815e-05 6.619805e-06 8.913219e-09 3.047989e-08
   [2,] 1.343420e-09 1.558315e-05 4.361768e-06 2.540986e-09 1.093706e-07
   [3,] 6.213475e-09 7.908311e-05 1.583194e-06 3.394596e-08 4.101768e-08
   [4,] 7.539315e-09 9.316240e-09 1.635138e-09 6.436874e-11 3.534007e-10
   [5,] 2.315842e-09 8.367276e-05 4.957842e-06 4.834386e-09 1.098857e-07
   [6,] 1.047847e-09 4.221925e-05 2.614190e-07 5.671065e-09 3.868516e-09
   [7,] 8.345407e-08 4.058650e-05 2.303533e-06 4.715575e-08 3.743923e-08
   [8,] 5.427456e-10 8.499067e-06 2.459262e-06 4.208458e-09 2.894686e-08
   [9,] 9.710097e-09 3.498416e-08 2.401722e-09 2.012823e-11 5.846238e-10
  [10,] 1.973314e-10 3.833836e-05 2.398699e-07 1.215746e-08 1.772132e-09
  [11,] 3.290548e-05 2.196740e-05 1.130271e-05 5.104645e-07 3.245023e-06
  [12,] 2.231498e-08 1.346868e-03 3.117822e-05 5.281012e-08 8.307059e-07
  [13,] 5.464583e-09 2.865410e-05 2.032870e-05 6.286443e-07 1.152204e-07
  [14,] 4.745478e-09 1.066869e-04 6.221494e-05 4.236418e-06 1.334198e-07
  [15,] 2.464841e-07 1.835794e-04 5.040824e-05 1.214808e-07 5.074910e-06
  [16,] 8.913396e-10 7.000784e-05 8.019684e-07 1.014254e-09 4.139361e-08
  [17,] 2.517078e-08 6.791344e-04 3.111984e-05 8.842234e-08 7.676768e-07
  [18,] 1.756603e-08 1.037049e-05 1.830810e-06 5.260417e-08 5.029726e-08
  [19,] 3.636897e-07 9.208541e-04 1.207456e-04 2.095782e-07 7.069067e-06
  [20,] 6.322528e-10 2.684660e-05 1.763367e-07 8.504187e-09 2.871458e-09
       X
Y              [,16]        [,17]        [,18]        [,19]        [,20]
   [1,] 6.395919e-06 8.362417e-07 4.529587e-07 2.372963e-07 3.326668e-07
   [2,] 3.636079e-06 7.589572e-07 3.539374e-07 9.574546e-07 3.021412e-07
   [3,] 1.296463e-05 3.262097e-06 5.507275e-06 3.606556e-07 1.847640e-05
   [4,] 1.317729e-08 2.940848e-10 6.135953e-09 2.384113e-09 1.200312e-08
   [5,] 1.305525e-05 3.404303e-06 8.520117e-07 9.511079e-07 5.856708e-07
   [6,] 3.173073e-06 1.739843e-06 7.020687e-07 5.387132e-08 4.415289e-06
   [7,] 4.836776e-06 2.331632e-06 1.897184e-06 4.630355e-07 6.888422e-06
   [8,] 2.428757e-06 3.860293e-07 1.641903e-07 2.522827e-07 1.216989e-07
   [9,] 7.181509e-08 7.536038e-10 9.026658e-09 2.415525e-09 6.140413e-09
  [10,] 2.041116e-06 1.593058e-06 3.530760e-07 3.461739e-08 2.125222e-06
  [11,] 5.266504e-05 1.025441e-06 1.406103e-05 1.877382e-05 2.474079e-05
  [12,] 1.719036e-04 4.638963e-05 7.603109e-06 6.122039e-06 6.341411e-06
  [13,] 4.978637e-06 1.509004e-06 1.384805e-06 1.242449e-06 8.286838e-06
  [14,] 2.722607e-05 6.137350e-06 6.035087e-06 1.811967e-06 2.785693e-05
  [15,] 2.394516e-04 7.839898e-06 1.194141e-05 1.622591e-05 1.050768e-05
  [16,] 1.568396e-05 2.034755e-06 2.258656e-07 2.829554e-07 2.558739e-07
  [17,] 1.206095e-04 2.881485e-05 5.530991e-06 6.764530e-06 4.730879e-06
  [18,] 3.653244e-06 4.903863e-07 2.559982e-06 4.747297e-07 4.503207e-06
  [19,] 3.342241e-04 3.627434e-05 2.215852e-05 4.517155e-05 2.045610e-05
  [20,] 2.601882e-06 1.214963e-06 4.169381e-07 3.133799e-08 2.795613e-06

, ,  = 95%

       X
Y               [,1]         [,2]         [,3]         [,4]         [,5]
   [1,] 4.383599e-03 4.773319e-03 3.121431e-04 1.931184e-05 1.441776e-02
   [2,] 3.670242e-04 8.732254e-03 1.414258e-04 7.815612e-06 3.148218e-03
   [3,] 2.053584e-04 1.788946e-02 1.229711e-01 9.982973e-04 5.936981e-03
   [4,] 1.928212e-07 2.884314e-05 3.952991e-05 2.965304e-04 3.646415e-05
   [5,] 6.146811e-04 4.941934e-03 1.778929e-04 5.048039e-06 5.557790e-03
   [6,] 2.963511e-05 1.467179e-03 2.468910e-03 1.145112e-04 8.443082e-04
   [7,] 8.888941e-05 1.803444e-03 1.447596e-03 1.262017e-03 7.548133e-04
   [8,] 2.794599e-04 7.813616e-04 4.483688e-05 2.312508e-06 1.369105e-03
   [9,] 7.020445e-06 5.137070e-05 3.825546e-05 5.024291e-04 3.587197e-03
  [10,] 4.369181e-05 1.412317e-03 6.387348e-04 2.105391e-05 4.946312e-04
  [11,] 1.451883e-03 5.875200e-02 1.557787e-01 2.234833e-01 3.981919e-01
  [12,] 3.198140e-03 2.778766e-02 1.083953e-03 3.916215e-05 3.170990e-02
  [13,] 5.459103e-04 1.383962e-02 1.336283e-03 2.127795e-04 3.481838e-03
  [14,] 7.485256e-03 6.745156e-02 1.034737e-02 1.213933e-03 3.169111e-02
  [15,] 1.679668e-03 2.410159e-02 4.554750e-03 3.407235e-04 5.450085e-02
  [16,] 8.531301e-05 1.375773e-03 1.382833e-04 5.712677e-06 1.905066e-03
  [17,] 1.606870e-03 2.091664e-02 5.072233e-04 2.547800e-05 1.894624e-02
  [18,] 3.958154e-05 2.912215e-03 2.465352e-03 2.873050e-04 9.102570e-04
  [19,] 2.094017e-03 3.703184e-02 4.102916e-03 9.410799e-04 7.112764e-02
  [20,] 1.774314e-05 8.755226e-04 8.161368e-04 4.104332e-05 5.495558e-04
       X
Y               [,6]         [,7]         [,8]         [,9]        [,10]
   [1,] 0.0035010817 1.132941e-04 9.771910e-04 3.662467e-05 2.498813e-03
   [2,] 0.0026718885 7.184660e-05 3.058655e-04 1.005110e-05 1.404649e-03
   [3,] 0.2530197721 1.383912e-02 3.187487e-04 1.021380e-04 7.082595e-03
   [4,] 0.0003601237 4.482103e-06 3.286183e-07 9.004619e-06 3.138131e-06
   [5,] 0.0025031179 7.144476e-05 3.675860e-04 1.124131e-05 1.751158e-03
   [6,] 0.0358697817 5.476366e-04 3.478878e-05 1.138069e-05 8.955613e-04
   [7,] 0.0118658323 4.160871e-04 8.793864e-05 7.692562e-05 1.247827e-03
   [8,] 0.0004846294 1.838614e-05 1.788906e-04 5.354523e-06 3.609870e-04
   [9,] 0.0003225467 1.626159e-06 5.525435e-06 2.174988e-03 1.482375e-05
  [10,] 0.0084574034 2.901201e-04 6.068592e-05 1.416274e-06 1.022299e-03
  [11,] 0.6056941904 1.099600e-02 1.982737e-03 7.036293e-02 8.603809e-03
  [12,] 0.0218647219 4.416638e-04 2.423247e-03 1.070288e-04 1.148852e-02
  [13,] 0.0324280963 1.902569e-03 6.620299e-04 1.942117e-05 2.563192e-03
  [14,] 0.1652299592 6.252833e-03 5.988760e-03 8.342524e-05 2.856032e-02
  [15,] 0.0963472906 5.536088e-04 3.436515e-03 9.304698e-04 1.230296e-02
  [16,] 0.0038338817 3.417492e-05 1.186648e-04 1.171934e-05 4.574471e-04
  [17,] 0.0156620852 2.593379e-04 1.924752e-03 8.855149e-05 1.004230e-02
  [18,] 0.0294536108 5.263338e-04 7.083941e-05 2.351143e-05 1.504076e-03
  [19,] 0.1638339703 8.953604e-04 2.453279e-03 1.693025e-03 1.385102e-02
  [20,] 0.0152320719 2.265715e-04 2.662296e-05 5.800372e-06 4.659025e-04
       X
Y              [,11]        [,12]        [,13]        [,14]        [,15]
   [1,] 8.523965e-06 1.179359e-03 5.712340e-04 1.082320e-04 1.453852e-05
   [2,] 5.216699e-06 9.234042e-04 2.675264e-04 1.839291e-05 1.379688e-05
   [3,] 1.381227e-05 5.219877e-03 4.043249e-04 4.904001e-05 3.976555e-05
   [4,] 9.188245e-07 2.562190e-06 1.414608e-06 6.946019e-07 2.738303e-07
   [5,] 4.323736e-06 1.790910e-03 1.249751e-04 9.488741e-06 6.830318e-06
   [6,] 9.541612e-07 1.202891e-03 3.294432e-05 6.189878e-06 2.264801e-06
   [7,] 6.999607e-06 4.811781e-04 5.335153e-05 1.381134e-05 4.250562e-06
   [8,] 1.933312e-06 3.040149e-04 6.515494e-05 8.488114e-06 2.735092e-06
   [9,] 6.054319e-06 5.526756e-05 9.193021e-06 3.579695e-06 1.500508e-06
  [10,] 2.441626e-07 9.845866e-04 3.434859e-05 1.071673e-05 8.880609e-07
  [11,] 4.729477e-03 7.318092e-03 8.625881e-03 5.036700e-03 1.385137e-03
  [12,] 3.168636e-05 2.962623e-02 7.184944e-04 7.015626e-05 4.323403e-05
  [13,] 1.463112e-05 1.126134e-03 8.880184e-04 2.087291e-04 1.854350e-05
  [14,] 1.114138e-04 5.817842e-03 8.256966e-03 5.457953e-03 9.979551e-05
  [15,] 1.869959e-04 1.371137e-02 2.887744e-03 3.062267e-04 4.397620e-04
  [16,] 1.156548e-06 1.926846e-03 6.122969e-05 3.315478e-06 5.019008e-06
  [17,] 2.628610e-05 1.444417e-02 8.827592e-04 1.055103e-04 4.333525e-05
  [18,] 9.637927e-06 3.426195e-04 1.312743e-04 2.944562e-05 9.741409e-06
  [19,] 2.434834e-04 2.907581e-02 4.912797e-03 3.470356e-04 4.516742e-04
  [20,] 4.303564e-07 9.450544e-04 1.975390e-05 7.923527e-06 1.235195e-06
       X
Y              [,16]        [,17]        [,18]        [,19]        [,20]
   [1,] 3.139162e-04 2.302256e-04 1.072216e-04 5.401064e-05 6.190238e-05
   [2,] 1.929531e-04 1.014392e-04 1.051524e-04 8.788671e-05 5.304049e-05
   [3,] 1.006061e-03 5.942230e-04 2.392870e-03 9.825896e-05 2.001381e-03
   [4,] 1.162775e-06 2.073403e-07 2.839653e-06 4.175002e-07 4.447669e-06
   [5,] 2.679662e-04 1.996449e-04 1.100463e-04 3.377310e-05 3.587659e-05
   [6,] 1.632890e-04 1.195288e-04 8.573317e-05 8.402334e-06 2.298400e-04
   [7,] 6.807940e-05 6.414318e-05 2.356940e-04 8.469709e-06 1.430925e-04
   [8,] 6.987775e-05 5.260511e-05 1.458841e-05 1.159560e-05 1.026838e-05
   [9,] 3.158853e-05 5.816324e-06 1.212643e-05 2.923730e-06 5.119685e-06
  [10,] 6.130131e-05 1.495997e-04 2.832806e-05 3.722182e-06 9.615714e-05
  [11,] 1.318570e-02 7.008149e-04 1.723569e-02 2.913704e-03 5.981807e-03
  [12,] 2.576788e-03 4.456971e-03 6.048042e-04 2.089474e-04 3.163477e-04
  [13,] 1.676517e-04 1.817579e-04 2.490633e-04 6.301920e-05 6.515567e-04
  [14,] 1.470964e-03 1.206682e-03 1.254662e-03 3.435646e-04 2.149839e-03
  [15,] 8.697723e-03 1.325789e-03 2.205487e-03 1.078466e-03 1.330573e-03
  [16,] 6.416148e-04 2.294418e-04 3.828047e-05 2.280799e-05 3.136773e-05
  [17,] 2.020091e-03 3.333385e-03 3.994736e-04 2.085477e-04 2.814044e-04
  [18,] 1.787094e-04 3.652942e-05 1.337749e-03 2.678840e-05 3.340739e-04
  [19,] 9.273451e-03 2.417660e-03 3.898872e-03 1.854971e-03 1.929358e-03
  [20,] 1.405234e-04 8.541419e-05 4.698983e-05 4.470896e-06 1.730840e-04

Warning message:
replacing previous import ‘nimble::rcat’ by ‘extraDistr::rcat’ when loading ‘predict’

End
